
  1 scenario against http://localhost:3000
  The first navigation can take a while — the dev server compiles on demand.

  [1/1]  UNMARKED  ISS-293 — the "X / 4000 chars" counter is styled as a hard cap; content
      1  When I enter content past the stated limit                  0.3s  ok
      2  And I reload the page                                      30.6s  FAILED
     FAIL  2 shots  34.0s
F                                                                        [100%]         report  /Users/bilala/Developer/Projects/VELOCITY-AI/tests/integration/test-runs/2026-08-29T02-45-local/0-report.html

=================================== FAILURES ===================================
_ test_the_constitution_editor_rejects_content_over_its_stated_limit[chromium] _

page = <Page url='http://localhost:3000/settings/constitution'>
shot = <framework.shot.Shooter object at 0x10b116810>

    @pytest.mark.issue("ISS-293")
    @pytest.mark.destructive
    def test_the_constitution_editor_rejects_content_over_its_stated_limit(page, shot):
        """ISS-293 — the "X / 4000 chars" counter is styled as a hard cap; content
    
        well over 4000 chars must not save and persist un-truncated. Today the
        textarea has no `maxLength`, Save never disables past the ceiling, and the
        backend accepts and persists the full payload verbatim (1 MiB cap, not
        4000) — so a save of over-limit content survives a reload at full length.
        """
        open_settings(page, "/settings/constitution")
        editor = page.locator(L.CONSTITUTION)
        expect(editor).to_be_visible()
        original = editor.input_value()
    
        over_limit = "M" * (L.CONSTITUTION_CEILING + 500)
        try:
            with shot("constitution-over-limit", "When I enter content past the stated limit"):
                editor.fill(over_limit)
                page.click(L.SAVE_CONSTITUTION)
                expect(page.get_by_text("Constitution saved")).to_be_visible()
    
            with shot("constitution-over-limit-reload", "And I reload the page"):
                page.reload()
                expect(page.locator(L.CONSTITUTION)).to_be_visible()
                # The fetched value lands after the initial paint; wait for it to
                # actually arrive (short placeholder text is not the loaded state)
                # rather than reading whatever is in the textarea at reload-instant.
>               page.wait_for_function(
                    "document.querySelector('textarea[name=\"constitution\"]').value.length > 50"
                )

suites/09_settings/test_settings.py:522: 
_ _ _ _ _ _ _ _ _ _ _ _ _ _ _ _ _ _ _ _ _ _ _ _ _ _ _ _ _ _ _ _ _ _ _ _ _ _ _ _ 
.venv/lib/python3.11/site-packages/playwright/sync_api/_generated.py:12761: in wait_for_function
    self._sync(
.venv/lib/python3.11/site-packages/playwright/_impl/_page.py:1151: in wait_for_function
    return await self._main_frame.wait_for_function(**locals_to_params(locals()))
           ^^^^^^^^^^^^^^^^^^^^^^^^^^^^^^^^^^^^^^^^^^^^^^^^^^^^^^^^^^^^^^^^^^^^^^
.venv/lib/python3.11/site-packages/playwright/_impl/_frame.py:940: in wait_for_function
    await self._channel.send("waitForFunction", self._timeout, params)
.venv/lib/python3.11/site-packages/playwright/_impl/_connection.py:76: in send
    return await self._connection.wrap_api_call(
_ _ _ _ _ _ _ _ _ _ _ _ _ _ _ _ _ _ _ _ _ _ _ _ _ _ _ _ _ _ _ _ _ _ _ _ _ _ _ _ 

self = <playwright._impl._connection.Connection object at 0x10b162bd0>
cb = <function Channel.send.<locals>.<lambda> at 0x10b4f4fe0>
is_internal = False, title = None

    async def wrap_api_call(
        self, cb: Callable[[], Any], is_internal: bool = False, title: str = None
    ) -> Any:
        if self._api_zone.get():
            return await cb()
        task = asyncio.current_task(self._loop)
        parsed_st = _attach_api_call_information(
            getattr(task, "__pw_stack__", None) or _capture_stack_trace(),
            is_internal,
            title,
        )
        self._api_zone.set(parsed_st)
        try:
            return await cb()
        except Exception as error:
>           raise rewrite_error(error, f"{parsed_st['apiName']}: {error}") from None
E           playwright._impl._errors.TimeoutError: Page.wait_for_function: Timeout 30000ms exceeded.

.venv/lib/python3.11/site-packages/playwright/_impl/_connection.py:632: TimeoutError
=========================== short test summary info ============================
FAILED suites/09_settings/test_settings.py::test_the_constitution_editor_rejects_content_over_its_stated_limit[chromium]
